[21:26:50] run_all start (gates=strict, NUM_GPUS=0, smoke='no', resume='no')
[21:26:50] === PREFLIGHT: env + unit tests + schema report ===
[env] torch 2.12.0 cuda=False mps=True
[21:26:51] --- preflight unit tests (NEES R4, leakage hand-case, M2 invariance, replay) ---
................................                                         [100%]
32 passed in 1.91s
[21:26:53] --- schema report (strict: replay faithfulness gates E-C4/E-T2) ---
[schema] wrote /Users/advaitpathak/Desktop/SCOUT-FL/analysis/schema_report.json
  ablation           units=   60 points=  1 methods= 12 seeds=[0, 1, 2, 3, 4]
  ablation_vismaya   units=   30 points=  1 methods=  6 seeds=[0, 1, 2, 3, 4]
  campaign           units= 3424 points= 22 methods= 32 seeds=[0, 1, 2, 3, 4]
  campaign_main      units=  160 points=  1 methods= 32 seeds=[0, 1, 2, 3, 4]
[schema] replay verification ok=True (4 methods checked, tol=0.001)
     aircomp_mse_min: |diff|=1.69e-05 ok=True
               asaad: |diff|=4.05e-05 ok=True
      collabsensefed: |diff|=4.35e-05 ok=True
           comm_only: |diff|=1.69e-05 ok=True
[21:26:57] PREFLIGHT OK
[21:26:57] === ANALYZE: collect + figures + stats + decision_summary ===
[collect] 0 round-rows, 0 (point,method) summaries -> runs/tempo
[collect] 0 round-rows, 0 (point,method) summaries -> runs/cloak
'created' timestamp seems very low; regarding as unix timestamp
'modified' timestamp seems very low; regarding as unix timestamp
'created' timestamp seems very low; regarding as unix timestamp
'modified' timestamp seems very low; regarding as unix timestamp
'created' timestamp seems very low; regarding as unix timestamp
'modified' timestamp seems very low; regarding as unix timestamp
'created' timestamp seems very low; regarding as unix timestamp
'modified' timestamp seems very low; regarding as unix timestamp
'created' timestamp seems very low; regarding as unix timestamp
'modified' timestamp seems very low; regarding as unix timestamp
[figures] -> /Users/advaitpathak/Desktop/SCOUT-FL/outputs/tempo_cloak/figures
  [tempo_frontier] no units; skip
  [regime_map] no E-T3 units; skip
  [privacy_frontier] no E-C3 units; skip
  wrote ec4_leakage_curves
  wrote dither_validation
  wrote grad_decay
[decision] wrote /Users/advaitpathak/Desktop/SCOUT-FL/analysis/decision_summary.md (5/2835 units complete)
[21:26:59] ANALYZE done -> analysis/decision_summary.md
[21:26:59] run_all complete. See analysis/decision_summary.md
