[21:30:50] run_all start (gates=strict, NUM_GPUS=0, smoke='no', resume='no')
[21:30:50] === PREFLIGHT: env + unit tests + schema report ===
[env] torch 2.12.0 cuda=False mps=True
[21:30:51] --- preflight unit tests (NEES R4, leakage hand-case, M2 invariance, replay) ---
................................                                         [100%]
32 passed in 1.94s
[21:30:54] --- schema report (strict: replay faithfulness gates E-C4/E-T2) ---
[schema] wrote /Users/advaitpathak/Desktop/SCOUT-FL/analysis/schema_report.json
  ablation           units=   60 points=  1 methods= 12 seeds=[0, 1, 2, 3, 4]
  ablation_vismaya   units=   30 points=  1 methods=  6 seeds=[0, 1, 2, 3, 4]
  campaign           units= 3424 points= 22 methods= 32 seeds=[0, 1, 2, 3, 4]
  campaign_main      units=  160 points=  1 methods= 32 seeds=[0, 1, 2, 3, 4]
  cloak              units=    0 points=  0 methods=  0 seeds=[]
  tempo              units=    0 points=  0 methods=  0 seeds=[]
[schema] replay verification ok=True (4 methods checked, tol=0.001)
     aircomp_mse_min: |diff|=1.69e-05 ok=True
               asaad: |diff|=4.05e-05 ok=True
      collabsensefed: |diff|=4.35e-05 ok=True
           comm_only: |diff|=1.69e-05 ok=True
[21:30:58] PREFLIGHT OK
[21:30:58] preflight-only: done
