[21:22:32] run_all start (gates=strict, NUM_GPUS=0, smoke='--smoke', resume='no')
[21:22:32] === PREFLIGHT: env + unit tests + schema report ===
[env] torch 2.12.0 cuda=False mps=True
[21:22:33] --- preflight unit tests (NEES R4, leakage hand-case, M2 invariance, replay) ---
................................                                         [100%]
32 passed in 1.94s
[21:22:35] --- schema report (strict: replay faithfulness gates E-C4/E-T2) ---
[schema] wrote /Users/advaitpathak/Desktop/SCOUT-FL/analysis/schema_report.json
  ablation           units=   60 points=  1 methods= 12 seeds=[0, 1, 2, 3, 4]
  ablation_vismaya   units=   30 points=  1 methods=  6 seeds=[0, 1, 2, 3, 4]
  campaign           units= 3424 points= 22 methods= 32 seeds=[0, 1, 2, 3, 4]
  campaign_main      units=  160 points=  1 methods= 32 seeds=[0, 1, 2, 3, 4]
[schema] replay verification ok=True (4 methods checked, tol=0.001)
     aircomp_mse_min: |diff|=1.69e-05 ok=True
               asaad: |diff|=4.05e-05 ok=True
      collabsensefed: |diff|=4.35e-05 ok=True
           comm_only: |diff|=1.69e-05 ok=True
[21:22:40] PREFLIGHT OK
[21:22:40] === SMOKE: one tiny unit per experiment type ===
[dispatch] 15 units across 3 worker(s), num_gpus=0
[dispatch 1] gpu0 FAIL ec1:E-C1 (0.1s)
[dispatch 2] gpu0 FAIL ec2ab:E-C2ab (0.2s)
[dispatch 3] gpu0 ok  et2:E-T2 (0.4s)
[dispatch 4] gpu0 ok  ec4:E-C4 (2.3s)
[dispatch 5] gpu0 ok  tempo_rescore:E-T1-static (4.7s)
[dispatch 6] gpu0 ok  tempo:ET1_cifar10_sp0:oracle_lts_tau50:s0 (6.4s)
[dispatch 7] gpu0 ok  tempo:ET1_cifar10_sp0:oracle_stl_tau60:s0 (6.7s)
[dispatch 8] gpu0 ok  tempo:ET1_cifar10_sp0:oracle_burst_b5_p25:s0 (7.0s)
[dispatch 9] gpu0 ok  tempo:ET4_cifar10_sp0.05_sustained:tempo_threshold:s0 (6.2s)
[dispatch 10] gpu0 ok  tempo:ET4_cifar10_sp0.05_sustained:naive_roundrobin:s0 (5.9s)
[dispatch 11] gpu0 ok  tempo:ET4_cifar10_sp0.05_sustained:static_lam0.5:s0 (6.1s)
[dispatch 12] gpu0 ok  cloak:EC3_cifar10:uncapped__r1:s0 (6.2s)
[dispatch 13] gpu0 ok  cloak:EC3_cifar10:m1__r1:s0 (6.0s)
[dispatch 14] gpu0 ok  cloak:EC2c_cifar10:m1__r10:s0 (5.7s)
[dispatch 15] gpu0 ok  cloak:EC2c_cifar10:m1_m2__r10:s0 (5.5s)
[dispatch] done: 13 ok, 2 failed
2 unit(s) failed; see logs/failed_units.txt
[21:23:05] SMOKE FAILED — see logs/failed_units.txt
