[21:17:03] run_all start (gates=strict, NUM_GPUS=0, smoke='--smoke', resume='no')
[21:17:03] === PREFLIGHT: env + unit tests + schema report ===
[env] torch 2.12.0 cuda=False mps=True
[21:17:04] --- preflight unit tests (NEES R4, leakage hand-case, M2 invariance, replay) ---
................................                                         [100%]
32 passed in 1.99s
[21:17:07] --- schema report (strict: replay faithfulness gates E-C4/E-T2) ---
[schema] wrote /Users/advaitpathak/Desktop/SCOUT-FL/analysis/schema_report.json
  ablation           units=   60 points=  1 methods= 12 seeds=[0, 1, 2, 3, 4]
  ablation_vismaya   units=   30 points=  1 methods=  6 seeds=[0, 1, 2, 3, 4]
  campaign           units= 3424 points= 22 methods= 32 seeds=[0, 1, 2, 3, 4]
  campaign_main      units=  160 points=  1 methods= 32 seeds=[0, 1, 2, 3, 4]
  cloak              units=    4 points=  2 methods=  4 seeds=[0]
  tempo              units=    2 points=  2 methods=  2 seeds=[0]
[schema] replay verification ok=True (4 methods checked, tol=0.001)
     aircomp_mse_min: |diff|=1.69e-05 ok=True
               asaad: |diff|=4.05e-05 ok=True
      collabsensefed: |diff|=4.35e-05 ok=True
           comm_only: |diff|=1.69e-05 ok=True
[21:17:12] PREFLIGHT OK
[21:17:12] === SMOKE: one tiny unit per experiment type ===
[dispatch] 5 units across 3 worker(s), num_gpus=0
[dispatch 1] gpu0 ok  tempo:ET1_cifar10_sp0:oracle_burst_b5_p25:s0 (8.4s)
[dispatch 2] gpu0 ok  tempo:ET1_cifar10_sp0:oracle_stl_tau60:s0 (10.8s)
[dispatch 3] gpu0 ok  tempo:ET4_cifar10_sp0.05_sustained:naive_roundrobin:s0 (10.8s)
[dispatch 4] gpu0 ok  tempo:ET4_cifar10_sp0.05_sustained:static_lam0.5:s0 (5.7s)
[dispatch 5] gpu0 ok  cloak:EC3_cifar10:uncapped__r1:s0 (5.2s)
[dispatch] done: 5 ok, 0 failed
[21:17:28] SMOKE OK
[21:17:28] === ANALYZE: collect + figures + stats + decision_summary ===
[collect] 30 round-rows, 6 (point,method) summaries -> runs/tempo
[collect] 25 round-rows, 5 (point,method) summaries -> runs/cloak
'created' timestamp seems very low; regarding as unix timestamp
'modified' timestamp seems very low; regarding as unix timestamp
'created' timestamp seems very low; regarding as unix timestamp
'modified' timestamp seems very low; regarding as unix timestamp
'created' timestamp seems very low; regarding as unix timestamp
'modified' timestamp seems very low; regarding as unix timestamp
'created' timestamp seems very low; regarding as unix timestamp
'modified' timestamp seems very low; regarding as unix timestamp
'created' timestamp seems very low; regarding as unix timestamp
'modified' timestamp seems very low; regarding as unix timestamp
'created' timestamp seems very low; regarding as unix timestamp
'modified' timestamp seems very low; regarding as unix timestamp
'created' timestamp seems very low; regarding as unix timestamp
'modified' timestamp seems very low; regarding as unix timestamp
'created' timestamp seems very low; regarding as unix timestamp
'modified' timestamp seems very low; regarding as unix timestamp
[figures] -> /Users/advaitpathak/Desktop/SCOUT-FL/outputs/tempo_cloak/figures
  wrote tempo_frontier
  [regime_map] no E-T3 units; skip
  wrote privacy_frontier
  wrote ec4_leakage_curves
  wrote dither_validation
  wrote grad_decay
[decision] wrote /Users/advaitpathak/Desktop/SCOUT-FL/analysis/decision_summary.md (15/15 units complete)
[21:17:31] ANALYZE done -> analysis/decision_summary.md
[21:17:31] smoke run complete
